To honour the JVM settings for this build a single-use Daemon process will be forked. For more on this, please refer to https://docs.gradle.org/9.4.1/userguide/gradle_daemon.html#sec:disabling_the_daemon in the Gradle documentation.
Daemon will be stopped at the end of the build 
Reusing configuration cache.
> Task :shared:androidPreBuild UP-TO-DATE
> Task :androidApp:generateDebugAssets UP-TO-DATE
> Task :androidApp:preBuild UP-TO-DATE
> Task :androidApp:preDebugBuild UP-TO-DATE
> Task :shared:generateAndroidMainAssets UP-TO-DATE
> Task :shared:preAndroidMainBuild UP-TO-DATE
> Task :androidApp:mergeDebugNativeDebugMetadata NO-SOURCE
> Task :shared:convertXmlValueResourcesForAndroidMain NO-SOURCE
> Task :shared:copyNonXmlValueResourcesForAndroidMain NO-SOURCE
> Task :shared:prepareComposeResourcesTaskForAndroidMain NO-SOURCE
> Task :shared:kmpPartiallyResolvedDependenciesChecker
> Task :shared:checkKotlinGradlePluginConfigurationErrors SKIPPED
> Task :shared:generateResourceAccessorsForAndroidMain NO-SOURCE
> Task :shared:generateComposeResClass UP-TO-DATE
> Task :shared:generateExpectResourceCollectorsForCommonMain UP-TO-DATE
> Task :androidApp:javaPreCompileDebug UP-TO-DATE
> Task :androidApp:generateDebugResources UP-TO-DATE
> Task :androidApp:generateDebugGlobalSynthetics UP-TO-DATE
> Task :shared:copyNonXmlValueResourcesForCommonMain UP-TO-DATE
> Task :shared:generateAndroidMainEmptyResourceFiles UP-TO-DATE
> Task :shared:convertXmlValueResourcesForCommonMain NO-SOURCE
> Task :androidApp:desugarDebugFileDependencies UP-TO-DATE
> Task :androidApp:mapDebugSourceSetPaths UP-TO-DATE
> Task :shared:writeAndroidMainAarMetadata UP-TO-DATE
> Task :androidApp:extractDeepLinksDebug UP-TO-DATE
> Task :shared:mapAndroidMainSourceSetPaths UP-TO-DATE
> Task :androidApp:createDebugCompatibleScreenManifests UP-TO-DATE
> Task :shared:processAndroidMainManifest UP-TO-DATE
> Task :shared:prepareComposeResourcesTaskForCommonMain UP-TO-DATE
> Task :shared:generateResourceAccessorsForCommonMain UP-TO-DATE
> Task :androidApp:mergeDebugJniLibFolders UP-TO-DATE
> Task :shared:generateActualResourceCollectorsForAndroidMain UP-TO-DATE
> Task :shared:mergeAndroidMainJniLibFolders UP-TO-DATE
> Task :androidApp:validateSigningDebug UP-TO-DATE
> Task :shared:mergeAndroidMainNativeLibs NO-SOURCE
> Task :androidApp:writeDebugAppMetadata UP-TO-DATE
> Task :shared:copyAndroidMainComposeResourcesToAndroidAssets UP-TO-DATE
> Task :shared:copyAndroidMainJniLibsProjectOnly UP-TO-DATE
> Task :androidApp:writeDebugSigningConfigVersions UP-TO-DATE
> Task :shared:packageAndroidMainResources UP-TO-DATE
> Task :shared:mergeAndroidMainAssets UP-TO-DATE
> Task :androidApp:packageDebugResources UP-TO-DATE
> Task :shared:parseAndroidMainLocalResources UP-TO-DATE
> Task :shared:generateAndroidMainRFile UP-TO-DATE
> Task :shared:compileAndroidMain UP-TO-DATE
> Task :shared:bundleAndroidMainClassesToCompileJar UP-TO-DATE
> Task :shared:processAndroidMainJavaRes UP-TO-DATE
> Task :shared:bundleLibRuntimeToDirAndroidMain UP-TO-DATE
> Task :shared:compileAndroidMainLibraryResources UP-TO-DATE
> Task :androidApp:checkDebugAarMetadata UP-TO-DATE
> Task :androidApp:mergeDebugAssets UP-TO-DATE
> Task :androidApp:mergeDebugResources UP-TO-DATE
> Task :androidApp:compressDebugAssets UP-TO-DATE
> Task :androidApp:processDebugNavigationResources UP-TO-DATE
> Task :androidApp:checkDebugDuplicateClasses UP-TO-DATE
> Task :androidApp:compileDebugNavigationResources UP-TO-DATE
> Task :androidApp:parseDebugLocalResources UP-TO-DATE
> Task :androidApp:mergeDebugNativeLibs UP-TO-DATE
> Task :androidApp:mergeLibDexDebug UP-TO-DATE
> Task :androidApp:stripDebugDebugSymbols UP-TO-DATE
> Task :androidApp:generateDebugRFile UP-TO-DATE
> Task :androidApp:processDebugMainManifest UP-TO-DATE
> Task :androidApp:processDebugManifest UP-TO-DATE
> Task :androidApp:processDebugManifestForPackage UP-TO-DATE
> Task :androidApp:mergeExtDexDebug UP-TO-DATE
> Task :androidApp:processDebugResources UP-TO-DATE

> Task :androidApp:compileDebugKotlin
./gradlew : e: file:///C:/Users/adminstrator/Desktop/Android%20Dem
o%20Projects/equalizerSoftware/androidApp/src/main/kotlin/com/exam
ple/equalizersoftware/MainActivity.kt:150:26 Unresolved reference 
'clip'.
At line:1 char:77
+ ... \equalizerSoftware"; ./gradlew assembleDebug --no-daemon 
2>&1 | Out-F ...
+                          
~~~~~~~~~~~~~~~~~~~~~~~~~~~~~~~~~~~~~~~~
    + CategoryInfo          : NotSpecified: (e: file:///C:/U...fe 
   rence 'clip'.:String) [], RemoteException
    + FullyQualifiedErrorId : NativeCommandError
 
e: file:///C:/Users/adminstrator/Desktop/Android%20Demo%20Projects
/equalizerSoftware/androidApp/src/main/kotlin/com/example/equalize
rsoftware/MainActivity.kt:197:22 Unresolved reference 'clickable'.
e: file:///C:/Users/adminstrator/Desktop/Android%20Demo%20Projects
/equalizerSoftware/androidApp/src/main/kotlin/com/example/equalize
rsoftware/ui/CustomComponents.kt:19:34 Packages cannot be 
imported.

> Task :androidApp:compileDebugKotlin FAILED

[Incubating] Problems report is available at: file:///C:/Users/adminstrator/Desktop/Android%20Demo%20Projects/equalizerSoftware/build/reports/problems/problems-report.html

FAILURE: Build failed with an exception.

* What went wrong:
Execution failed for task ':androidApp:compileDebugKotlin'.
> A failure occurred while executing org.jetbrains.kotlin.compiler
Runner.btapi.BuildToolsApiCompilationWork
   > Compilation error. See log for more details

* Try:
> Run with --stacktrace option to get the stack trace.
> Run with --info or --debug option to get more log output.
> Run with --scan to get full insights from a Build Scan (powered 
by Develocity).
> Get more help at https://help.gradle.org.

BUILD FAILED in 13s
53 actionable tasks: 2 executed, 51 up-to-date
Configuration cache entry reused.
